// Jest Snapshot v1, https://goo.gl/fbAQLP

exports[`GifGridItem component should be created 1`] = `
<div
  className="card animate__animated animate__fadeIn"
>
  <img
    alt="Title of the image"
    src="http://domain.com/image.jpg"
  />
  <p>
    Title of the image
  </p>
</div>
`;
